[cdnjs.cloudflare.com/ajax/libs/font-awesome/4.7.0/css/font-awesome.min.css]
[www.cacpebiblian.fin.ec/js/vendor/modernizr-2.6.2-respond-1.1.0.min.js]
[www.cacpebiblian.fin.ec/js/validar.js]
[www.cacpebiblian.fin.ec/js/vendor/bootstrap.min.js]
[www.cacpebiblian.fin.ec/js/vendor/jquery-1.9.1.min.js]
[www.cacpebiblian.fin.ec/js/funciones.js]
[www.cacpebiblian.fin.ec/lib/Gruntfile/Gruntfile.js]
[www.cacpebiblian.fin.ec/lib/Gruntfile/js/easy-loading.min.js]
[pagead2.googlesyndication.com/pagead/js/f.txt]
[www.cacpebiblian.fin.ec/images/ico/icon.ico]
[www.cacpebiblian.fin.ec/js/jquery-3.2.1.min.js]
[www.cacpebiblian.fin.ec/js/jssor.slider-26.1.5.min.js]
[unpkg.com/sweetalert@2.1.2/dist/sweetalert.min.js]
[backblue.gif]
[fade.gif]
[index.html]
[www.cacpebiblian.fin.ec/images/chat.png]
[www.cacpebiblian.fin.ec/images/excel.png]
[www.cacpebiblian.fin.ec/images/word.png]
[connect.facebook.net/es_ES/sdk/xfbml.customerchat.js]
[www.cacpebiblian.fin.ec/images/simuladores/sim2.jpg]
[www.cacpebiblian.fin.ec/js/main.js]
[www.cacpebiblian.fin.ec/js/jquery.ba-cond.min.js]
[www.cacpebiblian.fin.ec/calcCredit.html]
[www.cacpebiblian.fin.ec/css/bootstrap.min.css]
[www.cacpebiblian.fin.ec/css/bootstrap-responsive.min.css]
[www.cacpebiblian.fin.ec/font/fontawesome-webfontf77b.eot]
[www.cacpebiblian.fin.ec/font/fontawesome-webfontd41d.eot]
[www.cacpebiblian.fin.ec/font/fontawesome-webfontf77b.woff]
[www.cacpebiblian.fin.ec/font/fontawesome-webfontf77b.ttf]
[www.cacpebiblian.fin.ec/css/font-awesome.min.css]
[www.cacpebiblian.fin.ec/css/main.css]
[www.cacpebiblian.fin.ec/css/sl-slide.css]
[cdnjs.cloudflare.com/ajax/libs/font-awesome/4.7.0/css/font-awesome.min.css]
[www.cacpebiblian.fin.ec/images/email1.png]
[www.cacpebiblian.fin.ec/images/email.png]
[www.cacpebiblian.fin.ec/css/social.css]
[www.cacpebiblian.fin.ec/lib/Gruntfile/css/easy-loading.min.css]
[www.cacpebiblian.fin.ec/images/ico/apple-touch-icon-144-precomposed.html]
[www.cacpebiblian.fin.ec/images/ico/apple-touch-icon-114-precomposed.html]
[www.cacpebiblian.fin.ec/images/ico/apple-touch-icon-72-precomposed.html]
[www.cacpebiblian.fin.ec/images/ico/apple-touch-icon-57-precomposed.html]
[www.cacpebiblian.fin.ec/images/scroll5.gif]
[www.cacpebiblian.fin.ec/css/img-efect.css]
[www.cacpebiblian.fin.ec/css/progress-bar.css]
[www.cacpebiblian.fin.ec/images/reconocimiento.jpg]
[www.cacpebiblian.fin.ec/images/reconocimiento2.jpg]
[www.cacpebiblian.fin.ec/images/portfolio/full/rank1.jpg]
[www.cacpebiblian.fin.ec/images/pdf/ranking1.pdf]
[www.cacpebiblian.fin.ec/images/portfolio/full/rank2.jpg]
[www.cacpebiblian.fin.ec/images/pdf/ranking2.pdf]
[www.cacpebiblian.fin.ec/images/portfolio/full/rank3.jpg]
[www.cacpebiblian.fin.ec/images/pdf/ranking3.pdf]
[www.cacpebiblian.fin.ec/images/portfolio/full/rank4.jpg]
[www.cacpebiblian.fin.ec/images/pdf/ranking4.pdf]
[www.cacpebiblian.fin.ec/reconocimientos.html]
[www.cacpebiblian.fin.ec/images/mapas/mapaB.png]
[www.cacpebiblian.fin.ec/js/jquery.slitslider.js]
[www.cacpebiblian.fin.ec/sucursales.html]
[www.cacpebiblian.fin.ec/images/finance.jpg]
[www.cacpebiblian.fin.ec/mensual.html]
[www.cacpebiblian.fin.ec/images/credito/bannerCred2.jpg]
[www.cacpebiblian.fin.ec/images/credito/cp.jpg]
[www.cacpebiblian.fin.ec/images/credito/scrooll.gif]
[www.cacpebiblian.fin.ec/images/credito/ca.png]
[www.cacpebiblian.fin.ec/images/credito/cm.png]
[www.cacpebiblian.fin.ec/images/credito/cc.png]
[www.cacpebiblian.fin.ec/images/credito/ci.png]
[www.cacpebiblian.fin.ec/creditos.html]
[www.cacpebiblian.fin.ec/js/validarform2.js]
[www.cacpebiblian.fin.ec/images/logotransparente.png]
[www.cacpebiblian.fin.ec/solitudCredito.html]
[www.cacpebiblian.fin.ec/js/objetoAjax.js]
[connect.facebook.net/en_US/fbevents.js]
[www.cacpebiblian.fin.ec/images/banners/Web2019/banner2019_6.jpg]
[www.cacpebiblian.fin.ec/images/banners/Web2019/bannerGanadores2019.jpg]
[www.cacpebiblian.fin.ec/images/banners/Web2019/banner2019_1.jpg]
[www.cacpebiblian.fin.ec/images/banners/Web2019/banner2019_5.jpg]
[www.cacpebiblian.fin.ec/images/btnCBenLinea.png]
[www.cacpebiblian.fin.ec/images/btnTarjetas.png]
[www.cacpebiblian.fin.ec/images/portfolio/full/fondo1.jpg]
[www.cacpebiblian.fin.ec/images/banners/c1.png]
[www.cacpebiblian.fin.ec/images/banners/c2.png]
[www.cacpebiblian.fin.ec/images/banners/c3.png]
[www.cacpebiblian.fin.ec/images/noticias/RUTA-NOCTURNA-7K/7.jpg]
[www.cacpebiblian.fin.ec/images/noticias/NUEVA-SUCURSAL-SIGSIG/1.jpg]
[www.cacpebiblian.fin.ec/images/noticias/CANTONIZACION-DE-PAUTE-158/1.jpg]
[www.cacpebiblian.fin.ec/images/noticias/UCACSUR/1.jpg]
[www.cacpebiblian.fin.ec/images/ComunicadoCB2.jpg]
[www.cacpebiblian.fin.ec/images/sample/clients/rise.png]
[www.cacpebiblian.fin.ec/images/sample/clients/tv-cable.png]
[www.cacpebiblian.fin.ec/images/sample/clients/emapal.png]
[www.cacpebiblian.fin.ec/images/sample/clients/cnt.png]
[www.cacpebiblian.fin.ec/images/sample/clients/sri.png]
[www.cacpebiblian.fin.ec/images/sample/clients/movistar.png]
[www.cacpebiblian.fin.ec/images/sample/clients/claro.png]
[www.cacpebiblian.fin.ec/images/sample/clients/avon.png]
[www.cacpebiblian.fin.ec/images/sample/clients/yanbal.png]
[www.cacpebiblian.fin.ec/images/sample/clients/centrosur.png]
[www.cacpebiblian.fin.ec/images/sample/clients/oriflame.png]
[www.cacpebiblian.fin.ec/images/sample/clients/empresaElectrica.png]
[www.cacpebiblian.fin.ec/index.html]
[www.cacpebiblian.fin.ec/images/mision1.jpg]
[www.cacpebiblian.fin.ec/misionvision.html]
[www.cacpebiblian.fin.ec/images/noticias/VI-JORNADAS-DEPORTIVAS-CACPESIANAS/1.jpg]
[www.cacpebiblian.fin.ec/images/noticias/VI-JORNADAS-DEPORTIVAS-CACPESIANAS/2.jpg]
[www.cacpebiblian.fin.ec/images/noticias/VI-JORNADAS-DEPORTIVAS-CACPESIANAS/3.jpg]
[www.cacpebiblian.fin.ec/images/noticias/VI-JORNADAS-DEPORTIVAS-CACPESIANAS/4.jpg]
[www.cacpebiblian.fin.ec/images/noticias/VI-JORNADAS-DEPORTIVAS-CACPESIANAS/5.jpg]
[www.cacpebiblian.fin.ec/images/noticias/VI-JORNADAS-DEPORTIVAS-CACPESIANAS/6.jpg]
[www.cacpebiblian.fin.ec/images/noticias/VI-JORNADAS-DEPORTIVAS-CACPESIANAS/7.jpg]
[www.cacpebiblian.fin.ec/images/noticias/VI-JORNADAS-DEPORTIVAS-CACPESIANAS/8.jpg]
[www.cacpebiblian.fin.ec/images/noticias/RUTA-NOCTURNA-7K/1.jpg]
[www.cacpebiblian.fin.ec/images/noticias/RUTA-NOCTURNA-7K/2.jpg]
[www.cacpebiblian.fin.ec/images/noticias/RUTA-NOCTURNA-7K/3.jpg]
[www.cacpebiblian.fin.ec/images/noticias/RUTA-NOCTURNA-7K/4.jpg]
[www.cacpebiblian.fin.ec/images/noticias/RUTA-NOCTURNA-7K/5.jpg]
[www.cacpebiblian.fin.ec/images/noticias/RUTA-NOCTURNA-7K/6.jpg]
[www.cacpebiblian.fin.ec/images/noticias/RUTA-NOCTURNA-7K/8.jpg]
[www.cacpebiblian.fin.ec/images/noticias/NUEVA-SUCURSAL-SIGSIG/2.jpg]
[www.cacpebiblian.fin.ec/images/noticias/NUEVA-SUCURSAL-SIGSIG/3.jpg]
[www.cacpebiblian.fin.ec/images/noticias/NUEVA-SUCURSAL-SIGSIG/4.jpg]
[www.cacpebiblian.fin.ec/images/noticias/CANTONIZACION-DE-PAUTE-158/2.jpg]
[www.cacpebiblian.fin.ec/images/noticias/CANTONIZACION-DE-PAUTE-158/4.jpg]
[www.cacpebiblian.fin.ec/images/noticias/CANTONIZACION-DE-PAUTE-158/5.jpg]
[www.cacpebiblian.fin.ec/images/noticias/UCACSUR/2.jpg]
[www.cacpebiblian.fin.ec/images/noticias/UCACSUR/3.jpg]
[www.cacpebiblian.fin.ec/images/noticias/UCACSUR/4.jpg]
[www.cacpebiblian.fin.ec/images/noticias/not1.jpg]
[www.cacpebiblian.fin.ec/images/noticias/not2.jpg]
[www.cacpebiblian.fin.ec/images/noticias/not3.jpg]
[www.cacpebiblian.fin.ec/images/noticias/not4.jpg]
[www.cacpebiblian.fin.ec/images/noticias/Ganadores2017/1.jpg]
[www.cacpebiblian.fin.ec/images/noticias/Ganadores2017/2.jpg]
[www.cacpebiblian.fin.ec/images/noticias/Ganadores2017/3.jpg]
[www.cacpebiblian.fin.ec/images/noticias/Ganadores2017/4.jpg]
[www.cacpebiblian.fin.ec/images/noticias/Ganadores2017/5.jpg]
[www.cacpebiblian.fin.ec/images/noticias/Ganadores2017/6.jpg]
[www.cacpebiblian.fin.ec/images/noticias/Ganadores2017/7.jpg]
[www.cacpebiblian.fin.ec/images/noticias/Ganadores2017/8.jpg]
[www.cacpebiblian.fin.ec/images/noticias/Ganadores2017/9.jpg]
[www.cacpebiblian.fin.ec/images/noticias/Ganadores2017/10.jpg]
[www.cacpebiblian.fin.ec/images/noticias/Ganadores2017/11.jpg]
[www.cacpebiblian.fin.ec/images/noticias/Ganadores2017/12.jpg]
[www.cacpebiblian.fin.ec/images/noticias/Ganadores2017/13.jpg]
[www.cacpebiblian.fin.ec/images/noticias/Ganadores2017/14.jpg]
[www.cacpebiblian.fin.ec/images/noticias/Ganadores2017/15.jpg]
[www.cacpebiblian.fin.ec/images/noticias/Ganadores2017/16.jpg]
[www.cacpebiblian.fin.ec/images/noticias/Ganadores2017/17.jpg]
[www.cacpebiblian.fin.ec/images/noticias/Ganadores2017/18.jpg]
[www.cacpebiblian.fin.ec/images/noticias/Ganadores2017/19.jpg]
[www.cacpebiblian.fin.ec/images/noticias/Ganadores2017/20.jpg]
[www.cacpebiblian.fin.ec/images/noticias/Ganadores2017/21.jpg]
[www.cacpebiblian.fin.ec/images/noticias/Ganadores2017/22.jpg]
[www.cacpebiblian.fin.ec/images/noticias/Ganadores2017/23.jpg]
[www.cacpebiblian.fin.ec/images/noticias/Ganadores2017/24.jpg]
[www.cacpebiblian.fin.ec/images/noticias/Ganadores2017/25.jpg]
[www.cacpebiblian.fin.ec/images/noticias/Ganadores2017/26.jpg]
[www.cacpebiblian.fin.ec/images/noticias/Ganadores2017/27.jpg]
[www.cacpebiblian.fin.ec/images/noticias/Ganadores2017/28.jpg]
[www.cacpebiblian.fin.ec/images/noticias/Ganadores2017/29.jpg]
[www.cacpebiblian.fin.ec/images/noticias/Ganadores2017/30.jpg]
[www.cacpebiblian.fin.ec/images/noticias/Ganadores2017/31.jpg]
[www.cacpebiblian.fin.ec/images/noticias/Ganadores2017/32.jpg]
[www.cacpebiblian.fin.ec/images/noticias/Ganadores2017/33.jpg]
[www.cacpebiblian.fin.ec/images/noticias/Ganadores2017/34.jpg]
[www.cacpebiblian.fin.ec/images/noticias/Ganadores2017/35.jpg]
[www.cacpebiblian.fin.ec/images/noticias/Ganadores2017/36.jpg]
[www.cacpebiblian.fin.ec/images/noticias/InauguracionSucursales/pau.png]
[www.cacpebiblian.fin.ec/images/noticias/InauguracionSucursales/tron.png]
[www.cacpebiblian.fin.ec/images/noticias/eduycon/edu1.png]
[www.cacpebiblian.fin.ec/images/noticias/eduycon/conv1.png]
[www.cacpebiblian.fin.ec/images/noticias/CompCoopEmp/comp.png]
[www.cacpebiblian.fin.ec/images/noticias/CompCoopEmp/comp1.png]
[www.cacpebiblian.fin.ec/images/noticias/VinculacionSociedad/vinso.png]
[www.cacpebiblian.fin.ec/images/noticias/VinculacionSociedad/vinso1.png]
[www.cacpebiblian.fin.ec/images/noticias/ReunionesMensuales/nimes.png]
[www.cacpebiblian.fin.ec/images/noticias/ReunionesMensuales/nimes1.png]
[www.cacpebiblian.fin.ec/images/noticias/ReunionesMensuales/nimes2.png]
[www.cacpebiblian.fin.ec/images/noticias/ReunionesMensuales/nimes3.png]
[www.cacpebiblian.fin.ec/noticias.html]
[www.cacpebiblian.fin.ec/images/planAho/bannerAho2.jpg]
[www.cacpebiblian.fin.ec/images/planAho/ca.png]
[www.cacpebiblian.fin.ec/images/planAho/ab.png]
[www.cacpebiblian.fin.ec/images/planAho/da.jpg]
[www.cacpebiblian.fin.ec/images/planAho/dpj.png]
[www.cacpebiblian.fin.ec/images/planAho/af.png]
[www.cacpebiblian.fin.ec/planesAhorro.html]
[www.cacpebiblian.fin.ec/images/cajeros/check.png]
[www.cacpebiblian.fin.ec/cajeros.html]
[www.cacpebiblian.fin.ec/calAhorro.html]
[www.cacpebiblian.fin.ec/js/comprobar.js]
[www.cacpebiblian.fin.ec/abrircuenta.html]
[www.cacpebiblian.fin.ec/images/finace1.1.jpg]
[www.cacpebiblian.fin.ec/trimestral.html]
[www.cacpebiblian.fin.ec/anual.html]
[www.cacpebiblian.fin.ec/costos.html]
[www.cacpebiblian.fin.ec/images/pdf/Transparencia/2019/calificacionR.pdf]
[www.cacpebiblian.fin.ec/calificacion.html]
[www.cacpebiblian.fin.ec/images/pdf/Transparencia/2019/resolucion.pdf]
[www.cacpebiblian.fin.ec/resolucion.html]
[connect.facebook.net/es_ES/sdk/xfbml.customerchat.js]
[www.cacpebiblian.fin.ec/POST.html]
[www.cacpebiblian.fin.ec/calcCredit_ajax.html]
[www.cacpebiblian.fin.ec/font/fontawesome-webfont.svg]
[www.cacpebiblian.fin.ec/images/reconocimiento2.jpg]
[www.cacpebiblian.fin.ec/images/pdf/ranking3.pdf]
[www.cacpebiblian.fin.ec/images/cajero1.png]
[www.cacpebiblian.fin.ec/css/accordion.css]
[www.cacpebiblian.fin.ec/billar.html]
[www.cacpebiblian.fin.ec/css/accordion1.css]
[www.cacpebiblian.fin.ec/bMen_Ene.html]
[www.cacpebiblian.fin.ec/eRes_Ene.html]
[www.cacpebiblian.fin.ec/iFin_Ene.html]
[www.cacpebiblian.fin.ec/rPat_Ene.html]
[www.cacpebiblian.fin.ec/bMen.html]
[www.cacpebiblian.fin.ec/eRes.html]
[www.cacpebiblian.fin.ec/iFin.html]
[www.cacpebiblian.fin.ec/rPat.html]
[www.cacpebiblian.fin.ec/images/credito/bannerCred2.jpg]
[www.cacpebiblian.fin.ec/images/Sorteo2018/premios/1.jpg]
[www.cacpebiblian.fin.ec/images/Sorteo2018/premios/2.jpg]
[www.cacpebiblian.fin.ec/images/Sorteo2018/premios/3.jpg]
[www.cacpebiblian.fin.ec/images/Sorteo2018/premios/4.jpg]
[www.cacpebiblian.fin.ec/images/Sorteo2018/premios/5.jpg]
[www.cacpebiblian.fin.ec/images/Sorteo2018/premios/6.jpg]
[www.cacpebiblian.fin.ec/images/Sorteo2018/premios/7.jpg]
[www.cacpebiblian.fin.ec/images/Sorteo2018/premios/8.jpg]
[www.cacpebiblian.fin.ec/images/Sorteo2018/premios/9.jpg]
[www.cacpebiblian.fin.ec/images/Sorteo2018/premios/10.jpg]
[www.cacpebiblian.fin.ec/images/Sorteo2018/premios/11.jpg]
[www.cacpebiblian.fin.ec/images/Sorteo2018/premios/12.jpg]
[www.cacpebiblian.fin.ec/images/Sorteo2018/premios/13.jpg]
[www.cacpebiblian.fin.ec/images/Sorteo2018/premios/14.jpg]
[www.cacpebiblian.fin.ec/images/Sorteo2018/premios/15.jpg]
[www.cacpebiblian.fin.ec/images/Sorteo2018/premios/16.jpg]
[www.cacpebiblian.fin.ec/images/Sorteo2018/premios/17.jpg]
[www.cacpebiblian.fin.ec/images/Sorteo2018/premios/18.jpg]
[www.cacpebiblian.fin.ec/images/Sorteo2018/premios/19.jpg]
[www.cacpebiblian.fin.ec/images/Sorteo2018/premios/20.jpg]
[www.cacpebiblian.fin.ec/images/Sorteo2018/premios/21.jpg]
[www.cacpebiblian.fin.ec/images/Sorteo2018/premios/22.jpg]
[www.cacpebiblian.fin.ec/images/Sorteo2018/premios/23.jpg]
[www.cacpebiblian.fin.ec/images/Sorteo2018/premios/24.jpg]
[www.cacpebiblian.fin.ec/images/Sorteo2018/premios/25.jpg]
[www.cacpebiblian.fin.ec/images/Sorteo2018/premios/26.jpg]
[www.cacpebiblian.fin.ec/images/Sorteo2018/premios/27.jpg]
[www.cacpebiblian.fin.ec/images/Sorteo2018/premios/28.jpg]
[www.cacpebiblian.fin.ec/images/Sorteo2018/premios/29.jpg]
[www.cacpebiblian.fin.ec/images/Sorteo2018/premios/30.jpg]
[www.cacpebiblian.fin.ec/images/Sorteo2018/premios/31.jpg]
[www.cacpebiblian.fin.ec/images/Sorteo2018/premios/32.jpg]
[www.cacpebiblian.fin.ec/images/Sorteo2018/ganador1.jpg]
[www.cacpebiblian.fin.ec/images/Sorteo2018/ganador2.jpg]
[www.cacpebiblian.fin.ec/images/Sorteo2018/villancicos16.jpg]
[www.cacpebiblian.fin.ec/images/Sorteo2018/villancicos.jpg]
[www.cacpebiblian.fin.ec/images/Sorteo2018/villancicos2.jpg]
[www.cacpebiblian.fin.ec/images/Sorteo2018/villancicos3.jpg]
[www.cacpebiblian.fin.ec/images/Sorteo2018/villancicos4.jpg]
[www.cacpebiblian.fin.ec/images/Sorteo2018/villancicos5.jpg]
[www.cacpebiblian.fin.ec/images/Sorteo2018/villancicos6.jpg]
[www.cacpebiblian.fin.ec/images/Sorteo2018/villancicos7.jpg]
[www.cacpebiblian.fin.ec/images/Sorteo2018/villancicos8.jpg]
[www.cacpebiblian.fin.ec/images/Sorteo2018/villancicos9.jpg]
[www.cacpebiblian.fin.ec/images/Sorteo2018/villancicos10.jpg]
[www.cacpebiblian.fin.ec/images/Sorteo2018/villancicos14.jpg]
[www.cacpebiblian.fin.ec/images/Sorteo2018/villancicos12.jpg]
[www.cacpebiblian.fin.ec/images/Sorteo2018/villancicos13.jpg]
[www.cacpebiblian.fin.ec/noticiasf96a.html]
[connect.facebook.net/en_US/fbevents.js]
[www.cacpebiblian.fin.ec/index-2.html]
[www.cacpebiblian.fin.ec/misionvision-2.html]
[www.cacpebiblian.fin.ec/reconocimientos-2.html]
[www.cacpebiblian.fin.ec/noticias-2.html]
[www.cacpebiblian.fin.ec/images/credito/bannerCred1.jpg]
[www.cacpebiblian.fin.ec/creditos-2.html]
[www.cacpebiblian.fin.ec/images/planAho/bannerAho.jpg]
[www.cacpebiblian.fin.ec/planesAhorro-2.html]
[www.cacpebiblian.fin.ec/images/bannerSucursales.jpg]
[www.cacpebiblian.fin.ec/sucursales-2.html]
[www.cacpebiblian.fin.ec/images/bannerATM.jpg]
[www.cacpebiblian.fin.ec/images/comunicado2.jpg]
[www.cacpebiblian.fin.ec/cajeros-2.html]
[www.cacpebiblian.fin.ec/images/banners/Web2019/9r autos.jpg]
[www.cacpebiblian.fin.ec/images/banners/Web2019/1r1.jpg]
[www.cacpebiblian.fin.ec/images/banners/Web2019/1r2.jpg]
[www.cacpebiblian.fin.ec/images/banners/Web2019/2r1.jpg]
[www.cacpebiblian.fin.ec/images/banners/Web2019/2r2.jpg]
[www.cacpebiblian.fin.ec/images/banners/Web2019/3r1.jpg]
[www.cacpebiblian.fin.ec/images/banners/Web2019/3r2.jpg]
[www.cacpebiblian.fin.ec/images/banners/Web2019/4r1.jpg]
[www.cacpebiblian.fin.ec/images/banners/Web2019/4r2.jpg]
[www.cacpebiblian.fin.ec/images/banners/Web2019/5r1.jpg]
[www.cacpebiblian.fin.ec/images/banners/Web2019/5r2.jpg]
[www.cacpebiblian.fin.ec/images/banners/Web2019/6r1.jpg]
[www.cacpebiblian.fin.ec/images/banners/Web2019/6r2.jpg]
[www.cacpebiblian.fin.ec/images/banners/Web2019/7r1.jpg]
[www.cacpebiblian.fin.ec/images/banners/Web2019/7r2.jpg]
[www.cacpebiblian.fin.ec/images/banners/Web2019/8r1.jpg]
[www.cacpebiblian.fin.ec/images/banners/Web2019/creceAhorro1de2.jpg]
[www.cacpebiblian.fin.ec/images/banners/Web2019/creceAhorro2de2.jpg]
[www.cacpebiblian.fin.ec/ganadores_sorteo.html]
[www.cacpebiblian.fin.ec/images/banners/Web2019/banner2019_1.jpg]
[www.cacpebiblian.fin.ec/mensajeCB.html]
[www.cacpebiblian.fin.ec/images/banners/Web2019/Postweb.jpg]
[www.cacpebiblian.fin.ec/tarjetas.html]
[www.cacpebiblian.fin.ec/images/pdf/MANUAL_CB_EN_LINEA.pdf]
[www.cacpebiblian.fin.ec/manual.html]
[www.cacpebiblian.fin.ec/login_ajax.html]
[www.cacpebiblian.fin.ec/images/planAho/bannerAho2.jpg]
[www.cacpebiblian.fin.ec/bTri_Jun.html]
[www.cacpebiblian.fin.ec/eResTri_Jun.html]
[www.cacpebiblian.fin.ec/iFinTri_Jun.html]
[www.cacpebiblian.fin.ec/rPatTri_Jun.html]
[www.cacpebiblian.fin.ec/cRieTri_Jun.html]
[www.cacpebiblian.fin.ec/bTri_Sep.html]
[www.cacpebiblian.fin.ec/eResTri_Sep.html]
[www.cacpebiblian.fin.ec/iFinTri_Sep.html]
[www.cacpebiblian.fin.ec/rPatTri_Sep.html]
[www.cacpebiblian.fin.ec/cRieTri_Sep.html]
[www.cacpebiblian.fin.ec/bTri_Dic.html]
[www.cacpebiblian.fin.ec/eResTri_Dic.html]
[www.cacpebiblian.fin.ec/iFinTri_Dic.html]
[www.cacpebiblian.fin.ec/rPatTri_Dic.html]
[www.cacpebiblian.fin.ec/cRieTri_Dic.html]
[www.cacpebiblian.fin.ec/bTri.html]
[www.cacpebiblian.fin.ec/eResTri.html]
[www.cacpebiblian.fin.ec/iFinTri.html]
[www.cacpebiblian.fin.ec/rPatTri.html]
[www.cacpebiblian.fin.ec/cRieTri.html]
[www.cacpebiblian.fin.ec/cRie.html]
[www.cacpebiblian.fin.ec/cFin.html]
[www.cacpebiblian.fin.ec/tSer.html]
[www.cacpebiblian.fin.ec/images/pdf/Transparencia/2019/calificacionR.pdf]
[www.cacpebiblian.fin.ec/images/pdf/Transparencia/2019/resolucion.pdf]
[www.cacpebiblian.fin.ec/index-3.html]
[www.cacpebiblian.fin.ec/^([^_/indexd41d.html]
[www.cacpebiblian.fin.ec/nw/index.html]
[www.cacpebiblian.fin.ec/GET.html]
[www.cacpebiblian.fin.ec/ABCDEFGHIJKLMNOPQRSTUVWXYZabcdefghijklmnopqrstuvwxyz0123456789+/index.html]
[www.cacpebiblian.fin.ec/restserver.html]
[www.cacpebiblian.fin.ec/dialog/index.html]
[www.cacpebiblian.fin.ec/images/pdf/ranking3.pdf]
[www.cacpebiblian.fin.ec/images/credito/bannerCred1.jpg]
[www.cacpebiblian.fin.ec/images/planAho/bannerAho.jpg]
[www.cacpebiblian.fin.ec/images/logohistoria.jpg]
[www.cacpebiblian.fin.ec/transparencia.html]
[www.cacpebiblian.fin.ec/inscripcion_empredimientos.html]
[www.cacpebiblian.fin.ec/images/banners/Web2019/creceAhorro2de2.jpg]
[www.cacpebiblian.fin.ec/tarjetas_ajax.html]
[www.cacpebiblian.fin.ec/images/pdf/Transparencia/2019/resolucion.pdf]
[www.cacpebiblian.fin.ec/js/deshabilitarctrlu.js]
[www.cacpebiblian.fin.ec/images/ico/favicon.html]
[www.cacpebiblian.fin.ec/calificacion-2.html]
[www.cacpebiblian.fin.ec/calcCredit-2.html]
[www.cacpebiblian.fin.ec/solitudCredito-2.html]
[www.cacpebiblian.fin.ec/abrircuenta-2.html]
[www.cacpebiblian.fin.ec/career.html]
[www.cacpebiblian.fin.ec/mensual-2.html]
[www.cacpebiblian.fin.ec/bMen1.html]
[www.cacpebiblian.fin.ec/bMen2.html]
[www.cacpebiblian.fin.ec/bMen3.html]
[www.cacpebiblian.fin.ec/bMen4.html]
[www.cacpebiblian.fin.ec/bMen1_A.html]
[www.cacpebiblian.fin.ec/bMen2_A.html]
[www.cacpebiblian.fin.ec/bMen3_A.html]
[www.cacpebiblian.fin.ec/bMen4_A.html]
[www.cacpebiblian.fin.ec/bMen6.html]
[www.cacpebiblian.fin.ec/bMen7.html]
[www.cacpebiblian.fin.ec/images/pdf/Transparencia/Diciembre/mensual/Calificacion Diciembre 2017.html]
[www.cacpebiblian.fin.ec/trimestral-2.html]
[www.cacpebiblian.fin.ec/transparencia/Julio/mensual/bMen_Jul.html]
[www.cacpebiblian.fin.ec/transparencia/Julio/mensual/eRes_Jul.html]
[www.cacpebiblian.fin.ec/transparencia/Julio/mensual/iFin_Jul.html]
[www.cacpebiblian.fin.ec/transparencia/Julio/mensual/rPat_Jul.html]
[www.cacpebiblian.fin.ec/transparencia/Agosto/mensual/bMen_Ago.html]
[www.cacpebiblian.fin.ec/transparencia/Agosto/mensual/eRes_Ago.html]
[www.cacpebiblian.fin.ec/transparencia/Agosto/mensual/iFin_Ago.html]
[www.cacpebiblian.fin.ec/transparencia/Agosto/mensual/rPat_Ago.html]
[www.cacpebiblian.fin.ec/transparencia/Septiembre/mensual/bMen_Sep.html]
[www.cacpebiblian.fin.ec/transparencia/Septiembre/mensual/eRes_Sep.html]
[www.cacpebiblian.fin.ec/transparencia/Septiembre/mensual/iFin_Sep.html]
[www.cacpebiblian.fin.ec/transparencia/Septiembre/mensual/rPat_Sep.html]
[www.cacpebiblian.fin.ec/transparencia/Octubre/mensual/bMen_Oct.html]
[www.cacpebiblian.fin.ec/transparencia/Octubre/mensual/eRes_Oct.html]
[www.cacpebiblian.fin.ec/transparencia/Octubre/mensual/iFin_Oct.html]
[www.cacpebiblian.fin.ec/transparencia/Octubre/mensual/rPat_Oct.html]
[www.cacpebiblian.fin.ec/transparencia/Noviembre/mensual/bMen_Nov.html]
[www.cacpebiblian.fin.ec/transparencia/Noviembre/mensual/iFin_Nov.html]
[www.cacpebiblian.fin.ec/transparencia/Noviembre/mensual/rPat_Nov.html]
[www.cacpebiblian.fin.ec/transparencia/Diciembre/mensual/cRie_Dic.html]
[www.cacpebiblian.fin.ec/transparencia/Noviembre/mensual/cFin_Nov.html]
[www.cacpebiblian.fin.ec/transparencia/Julio/mensual/tSer_Jul.html]
[www.cacpebiblian.fin.ec/transparencia/Julio/trimestral/bTri_Jul.html]
[www.cacpebiblian.fin.ec/transparencia/Julio/trimestral/eRes_Jul.html]
[www.cacpebiblian.fin.ec/transparencia/Julio/trimestral/iFin_Jul.html]
[www.cacpebiblian.fin.ec/transparencia/Julio/trimestral/rPat_Jul.html]
[www.cacpebiblian.fin.ec/transparencia/Julio/trimestral/cRie_Jul.html]
[www.cacpebiblian.fin.ec/transparencia/Septiembre/trimestral/bTri_Sep.html]
[www.cacpebiblian.fin.ec/transparencia/Septiembre/trimestral/eRes_Sep.html]
[www.cacpebiblian.fin.ec/transparencia/Septiembre/trimestral/iFin_Sep.html]
[www.cacpebiblian.fin.ec/transparencia/Septiembre/trimestral/rPat_Sep.html]
[www.cacpebiblian.fin.ec/transparencia/Septiembre/trimestral/cRie_Sep.html]
